// Jest Snapshot v1, https://goo.gl/fbAQLP

exports[`Navbar Should match snapshot 1`] = `
<DocumentFragment>
  <nav
    class="mt-5 h-[50px] min-h-[50px] flex items-center justify-between"
  >
    <h1
      class="font-bold"
    >
      <a
        href="/"
      >
        Joan Boix Àvalos
      </a>
    </h1>
    <div
      data-testid="theme-toggle-button"
    />
  </nav>
</DocumentFragment>
`;
